// Jest Snapshot v1, https://goo.gl/fbAQLP

exports[`LanguageSelector Snapshot Tests Closed Modal States should match snapshot with Chinese selected 1`] = `
<View
  accessibilityState={
    {
      "busy": undefined,
      "checked": undefined,
      "disabled": undefined,
      "expanded": undefined,
      "selected": undefined,
    }
  }
  accessibilityValue={
    {
      "max": undefined,
      "min": undefined,
      "now": undefined,
      "text": undefined,
    }
  }
  accessible={true}
  collapsable={false}
  focusable={true}
  onClick={[Function]}
  onResponderGrant={[Function]}
  onResponderMove={[Function]}
  onResponderRelease={[Function]}
  onResponderTerminate={[Function]}
  onResponderTerminationRequest={[Function]}
  onStartShouldSetResponder={[Function]}
  style={
    {
      "backgroundColor": "#f0f0f0",
      "borderRadius": 5,
      "marginHorizontal": 10,
      "opacity": 1,
      "padding": 10,
    }
  }
>
  <Text
    style={
      {
        "fontSize": 16,
        "textAlign": "center",
      }
    }
  >
    🌐 
    🇨🇳
  </Text>
</View>
`;

exports[`LanguageSelector Snapshot Tests Closed Modal States should match snapshot with Dutch selected 1`] = `
<View
  accessibilityState={
    {
      "busy": undefined,
      "checked": undefined,
      "disabled": undefined,
      "expanded": undefined,
      "selected": undefined,
    }
  }
  accessibilityValue={
    {
      "max": undefined,
      "min": undefined,
      "now": undefined,
      "text": undefined,
    }
  }
  accessible={true}
  collapsable={false}
  focusable={true}
  onClick={[Function]}
  onResponderGrant={[Function]}
  onResponderMove={[Function]}
  onResponderRelease={[Function]}
  onResponderTerminate={[Function]}
  onResponderTerminationRequest={[Function]}
  onStartShouldSetResponder={[Function]}
  style={
    {
      "backgroundColor": "#f0f0f0",
      "borderRadius": 5,
      "marginHorizontal": 10,
      "opacity": 1,
      "padding": 10,
    }
  }
>
  <Text
    style={
      {
        "fontSize": 16,
        "textAlign": "center",
      }
    }
  >
    🌐 
    🇳🇱
  </Text>
</View>
`;

exports[`LanguageSelector Snapshot Tests Closed Modal States should match snapshot with English selected 1`] = `
<View
  accessibilityState={
    {
      "busy": undefined,
      "checked": undefined,
      "disabled": undefined,
      "expanded": undefined,
      "selected": undefined,
    }
  }
  accessibilityValue={
    {
      "max": undefined,
      "min": undefined,
      "now": undefined,
      "text": undefined,
    }
  }
  accessible={true}
  collapsable={false}
  focusable={true}
  onClick={[Function]}
  onResponderGrant={[Function]}
  onResponderMove={[Function]}
  onResponderRelease={[Function]}
  onResponderTerminate={[Function]}
  onResponderTerminationRequest={[Function]}
  onStartShouldSetResponder={[Function]}
  style={
    {
      "backgroundColor": "#f0f0f0",
      "borderRadius": 5,
      "marginHorizontal": 10,
      "opacity": 1,
      "padding": 10,
    }
  }
>
  <Text
    style={
      {
        "fontSize": 16,
        "textAlign": "center",
      }
    }
  >
    🌐 
    🇺🇸
  </Text>
</View>
`;

exports[`LanguageSelector Snapshot Tests Closed Modal States should match snapshot with Spanish selected 1`] = `
<View
  accessibilityState={
    {
      "busy": undefined,
      "checked": undefined,
      "disabled": undefined,
      "expanded": undefined,
      "selected": undefined,
    }
  }
  accessibilityValue={
    {
      "max": undefined,
      "min": undefined,
      "now": undefined,
      "text": undefined,
    }
  }
  accessible={true}
  collapsable={false}
  focusable={true}
  onClick={[Function]}
  onResponderGrant={[Function]}
  onResponderMove={[Function]}
  onResponderRelease={[Function]}
  onResponderTerminate={[Function]}
  onResponderTerminationRequest={[Function]}
  onStartShouldSetResponder={[Function]}
  style={
    {
      "backgroundColor": "#f0f0f0",
      "borderRadius": 5,
      "marginHorizontal": 10,
      "opacity": 1,
      "padding": 10,
    }
  }
>
  <Text
    style={
      {
        "fontSize": 16,
        "textAlign": "center",
      }
    }
  >
    🌐 
    🇪🇸
  </Text>
</View>
`;

exports[`LanguageSelector Snapshot Tests Closed Modal States should match snapshot with unknown language (fallback) 1`] = `
<View
  accessibilityState={
    {
      "busy": undefined,
      "checked": undefined,
      "disabled": undefined,
      "expanded": undefined,
      "selected": undefined,
    }
  }
  accessibilityValue={
    {
      "max": undefined,
      "min": undefined,
      "now": undefined,
      "text": undefined,
    }
  }
  accessible={true}
  collapsable={false}
  focusable={true}
  onClick={[Function]}
  onResponderGrant={[Function]}
  onResponderMove={[Function]}
  onResponderRelease={[Function]}
  onResponderTerminate={[Function]}
  onResponderTerminationRequest={[Function]}
  onStartShouldSetResponder={[Function]}
  style={
    {
      "backgroundColor": "#f0f0f0",
      "borderRadius": 5,
      "marginHorizontal": 10,
      "opacity": 1,
      "padding": 10,
    }
  }
>
  <Text
    style={
      {
        "fontSize": 16,
        "textAlign": "center",
      }
    }
  >
    🌐 
    🌐
  </Text>
</View>
`;

exports[`LanguageSelector Snapshot Tests Edge Cases should match snapshot when getAvailableLanguages returns null 1`] = `
<View
  accessibilityState={
    {
      "busy": undefined,
      "checked": undefined,
      "disabled": undefined,
      "expanded": undefined,
      "selected": undefined,
    }
  }
  accessibilityValue={
    {
      "max": undefined,
      "min": undefined,
      "now": undefined,
      "text": undefined,
    }
  }
  accessible={true}
  collapsable={false}
  focusable={true}
  onClick={[Function]}
  onResponderGrant={[Function]}
  onResponderMove={[Function]}
  onResponderRelease={[Function]}
  onResponderTerminate={[Function]}
  onResponderTerminationRequest={[Function]}
  onStartShouldSetResponder={[Function]}
  style={
    {
      "backgroundColor": "#f0f0f0",
      "borderRadius": 5,
      "marginHorizontal": 10,
      "opacity": 1,
      "padding": 10,
    }
  }
>
  <Text
    style={
      {
        "fontSize": 16,
        "textAlign": "center",
      }
    }
  >
    🌐 
    🇺🇸
  </Text>
</View>
`;

exports[`LanguageSelector Snapshot Tests Edge Cases should match snapshot when getCurrentLanguageDisplay returns null 1`] = `
<View
  accessibilityState={
    {
      "busy": undefined,
      "checked": undefined,
      "disabled": undefined,
      "expanded": undefined,
      "selected": undefined,
    }
  }
  accessibilityValue={
    {
      "max": undefined,
      "min": undefined,
      "now": undefined,
      "text": undefined,
    }
  }
  accessible={true}
  collapsable={false}
  focusable={true}
  onClick={[Function]}
  onResponderGrant={[Function]}
  onResponderMove={[Function]}
  onResponderRelease={[Function]}
  onResponderTerminate={[Function]}
  onResponderTerminationRequest={[Function]}
  onStartShouldSetResponder={[Function]}
  style={
    {
      "backgroundColor": "#f0f0f0",
      "borderRadius": 5,
      "marginHorizontal": 10,
      "opacity": 1,
      "padding": 10,
    }
  }
>
  <Text
    style={
      {
        "fontSize": 16,
        "textAlign": "center",
      }
    }
  >
    🌐 
    🌐
  </Text>
</View>
`;

exports[`LanguageSelector Snapshot Tests Edge Cases should match snapshot when getCurrentLanguageDisplay returns undefined 1`] = `
<View
  accessibilityState={
    {
      "busy": undefined,
      "checked": undefined,
      "disabled": undefined,
      "expanded": undefined,
      "selected": undefined,
    }
  }
  accessibilityValue={
    {
      "max": undefined,
      "min": undefined,
      "now": undefined,
      "text": undefined,
    }
  }
  accessible={true}
  collapsable={false}
  focusable={true}
  onClick={[Function]}
  onResponderGrant={[Function]}
  onResponderMove={[Function]}
  onResponderRelease={[Function]}
  onResponderTerminate={[Function]}
  onResponderTerminationRequest={[Function]}
  onStartShouldSetResponder={[Function]}
  style={
    {
      "backgroundColor": "#f0f0f0",
      "borderRadius": 5,
      "marginHorizontal": 10,
      "opacity": 1,
      "padding": 10,
    }
  }
>
  <Text
    style={
      {
        "fontSize": 16,
        "textAlign": "center",
      }
    }
  >
    🌐 
    🌐
  </Text>
</View>
`;

exports[`LanguageSelector Snapshot Tests Edge Cases should match snapshot with very long language names 1`] = `
<View
  accessibilityState={
    {
      "busy": undefined,
      "checked": undefined,
      "disabled": undefined,
      "expanded": undefined,
      "selected": undefined,
    }
  }
  accessibilityValue={
    {
      "max": undefined,
      "min": undefined,
      "now": undefined,
      "text": undefined,
    }
  }
  accessible={true}
  collapsable={false}
  focusable={true}
  onClick={[Function]}
  onResponderGrant={[Function]}
  onResponderMove={[Function]}
  onResponderRelease={[Function]}
  onResponderTerminate={[Function]}
  onResponderTerminationRequest={[Function]}
  onStartShouldSetResponder={[Function]}
  style={
    {
      "backgroundColor": "#f0f0f0",
      "borderRadius": 5,
      "marginHorizontal": 10,
      "opacity": 1,
      "padding": 10,
    }
  }
>
  <Text
    style={
      {
        "fontSize": 16,
        "textAlign": "center",
      }
    }
  >
    🌐 
    🌐
  </Text>
</View>
`;

exports[`LanguageSelector Snapshot Tests Open Modal States should match snapshot with empty language options 1`] = `
<View
  accessibilityState={
    {
      "busy": undefined,
      "checked": undefined,
      "disabled": undefined,
      "expanded": undefined,
      "selected": undefined,
    }
  }
  accessibilityValue={
    {
      "max": undefined,
      "min": undefined,
      "now": undefined,
      "text": undefined,
    }
  }
  accessible={true}
  collapsable={false}
  focusable={true}
  onClick={[Function]}
  onResponderGrant={[Function]}
  onResponderMove={[Function]}
  onResponderRelease={[Function]}
  onResponderTerminate={[Function]}
  onResponderTerminationRequest={[Function]}
  onStartShouldSetResponder={[Function]}
  style={
    {
      "backgroundColor": "#f0f0f0",
      "borderRadius": 5,
      "marginHorizontal": 10,
      "opacity": 1,
      "padding": 10,
    }
  }
>
  <Text
    style={
      {
        "fontSize": 16,
        "textAlign": "center",
      }
    }
  >
    🌐 
    🇺🇸
  </Text>
</View>
`;

exports[`LanguageSelector Snapshot Tests Open Modal States should match snapshot with limited language options 1`] = `
<View
  accessibilityState={
    {
      "busy": undefined,
      "checked": undefined,
      "disabled": undefined,
      "expanded": undefined,
      "selected": undefined,
    }
  }
  accessibilityValue={
    {
      "max": undefined,
      "min": undefined,
      "now": undefined,
      "text": undefined,
    }
  }
  accessible={true}
  collapsable={false}
  focusable={true}
  onClick={[Function]}
  onResponderGrant={[Function]}
  onResponderMove={[Function]}
  onResponderRelease={[Function]}
  onResponderTerminate={[Function]}
  onResponderTerminationRequest={[Function]}
  onStartShouldSetResponder={[Function]}
  style={
    {
      "backgroundColor": "#f0f0f0",
      "borderRadius": 5,
      "marginHorizontal": 10,
      "opacity": 1,
      "padding": 10,
    }
  }
>
  <Text
    style={
      {
        "fontSize": 16,
        "textAlign": "center",
      }
    }
  >
    🌐 
    🇺🇸
  </Text>
</View>
`;

exports[`LanguageSelector Snapshot Tests Open Modal States should match snapshot with modal open - English current 1`] = `
<View
  accessibilityState={
    {
      "busy": undefined,
      "checked": undefined,
      "disabled": undefined,
      "expanded": undefined,
      "selected": undefined,
    }
  }
  accessibilityValue={
    {
      "max": undefined,
      "min": undefined,
      "now": undefined,
      "text": undefined,
    }
  }
  accessible={true}
  collapsable={false}
  focusable={true}
  onClick={[Function]}
  onResponderGrant={[Function]}
  onResponderMove={[Function]}
  onResponderRelease={[Function]}
  onResponderTerminate={[Function]}
  onResponderTerminationRequest={[Function]}
  onStartShouldSetResponder={[Function]}
  style={
    {
      "backgroundColor": "#f0f0f0",
      "borderRadius": 5,
      "marginHorizontal": 10,
      "opacity": 1,
      "padding": 10,
    }
  }
>
  <Text
    style={
      {
        "fontSize": 16,
        "textAlign": "center",
      }
    }
  >
    🌐 
    🇺🇸
  </Text>
</View>
`;

exports[`LanguageSelector Snapshot Tests Open Modal States should match snapshot with modal open - Spanish current 1`] = `
<View
  accessibilityState={
    {
      "busy": undefined,
      "checked": undefined,
      "disabled": undefined,
      "expanded": undefined,
      "selected": undefined,
    }
  }
  accessibilityValue={
    {
      "max": undefined,
      "min": undefined,
      "now": undefined,
      "text": undefined,
    }
  }
  accessible={true}
  collapsable={false}
  focusable={true}
  onClick={[Function]}
  onResponderGrant={[Function]}
  onResponderMove={[Function]}
  onResponderRelease={[Function]}
  onResponderTerminate={[Function]}
  onResponderTerminationRequest={[Function]}
  onStartShouldSetResponder={[Function]}
  style={
    {
      "backgroundColor": "#f0f0f0",
      "borderRadius": 5,
      "marginHorizontal": 10,
      "opacity": 1,
      "padding": 10,
    }
  }
>
  <Text
    style={
      {
        "fontSize": 16,
        "textAlign": "center",
      }
    }
  >
    🌐 
    🇪🇸
  </Text>
</View>
`;

exports[`LanguageSelector Snapshot Tests Open Modal States should match snapshot with single language option 1`] = `
<View
  accessibilityState={
    {
      "busy": undefined,
      "checked": undefined,
      "disabled": undefined,
      "expanded": undefined,
      "selected": undefined,
    }
  }
  accessibilityValue={
    {
      "max": undefined,
      "min": undefined,
      "now": undefined,
      "text": undefined,
    }
  }
  accessible={true}
  collapsable={false}
  focusable={true}
  onClick={[Function]}
  onResponderGrant={[Function]}
  onResponderMove={[Function]}
  onResponderRelease={[Function]}
  onResponderTerminate={[Function]}
  onResponderTerminationRequest={[Function]}
  onStartShouldSetResponder={[Function]}
  style={
    {
      "backgroundColor": "#f0f0f0",
      "borderRadius": 5,
      "marginHorizontal": 10,
      "opacity": 1,
      "padding": 10,
    }
  }
>
  <Text
    style={
      {
        "fontSize": 16,
        "textAlign": "center",
      }
    }
  >
    🌐 
    🇺🇸
  </Text>
</View>
`;

exports[`LanguageSelector Snapshot Tests Props Variations should match snapshot with custom LANGUAGE_CODES 1`] = `
<View
  accessibilityState={
    {
      "busy": undefined,
      "checked": undefined,
      "disabled": undefined,
      "expanded": undefined,
      "selected": undefined,
    }
  }
  accessibilityValue={
    {
      "max": undefined,
      "min": undefined,
      "now": undefined,
      "text": undefined,
    }
  }
  accessible={true}
  collapsable={false}
  focusable={true}
  onClick={[Function]}
  onResponderGrant={[Function]}
  onResponderMove={[Function]}
  onResponderRelease={[Function]}
  onResponderTerminate={[Function]}
  onResponderTerminationRequest={[Function]}
  onStartShouldSetResponder={[Function]}
  style={
    {
      "backgroundColor": "#f0f0f0",
      "borderRadius": 5,
      "marginHorizontal": 10,
      "opacity": 1,
      "padding": 10,
    }
  }
>
  <Text
    style={
      {
        "fontSize": 16,
        "textAlign": "center",
      }
    }
  >
    🌐 
    🌐
  </Text>
</View>
`;

exports[`LanguageSelector Snapshot Tests Props Variations should match snapshot with missing LANGUAGE_CODES 1`] = `
<View
  accessibilityState={
    {
      "busy": undefined,
      "checked": undefined,
      "disabled": undefined,
      "expanded": undefined,
      "selected": undefined,
    }
  }
  accessibilityValue={
    {
      "max": undefined,
      "min": undefined,
      "now": undefined,
      "text": undefined,
    }
  }
  accessible={true}
  collapsable={false}
  focusable={true}
  onClick={[Function]}
  onResponderGrant={[Function]}
  onResponderMove={[Function]}
  onResponderRelease={[Function]}
  onResponderTerminate={[Function]}
  onResponderTerminationRequest={[Function]}
  onStartShouldSetResponder={[Function]}
  style={
    {
      "backgroundColor": "#f0f0f0",
      "borderRadius": 5,
      "marginHorizontal": 10,
      "opacity": 1,
      "padding": 10,
    }
  }
>
  <Text
    style={
      {
        "fontSize": 16,
        "textAlign": "center",
      }
    }
  >
    🌐 
    🇺🇸
  </Text>
</View>
`;
